
> alagalahat@0.1.0 build
> next build

   Γû▓ Next.js 15.5.14
   - Environments: .env.local

   Creating an optimized production build ...
 Γ£ô Compiled successfully in 4.4s
   Linting and checking validity of types ...
   Collecting page data ...
   Generating static pages (0/35) ...
node.exe :  Γ¿» useSearchParams() should be wrapped in a suspense boundary at 
page "/search". Read more: 
https://nextjs.org/docs/messages/missing-suspense-with-csr-bailout
At line:1 char:1
+ & "C:\Program Files\nodejs/node.exe" "C:\Program Files\nodejs/node_mo ...
+ ~~~~~~~~~~~~~~~~~~~~~~~~~~~~~~~~~~~~~~~~~~~~~~~~~~~~~~~~~~~~~~~~~~~~~
    + CategoryInfo          : NotSpecified: ( Γ¿» useSearchP...ith-csr-bailout 
   :String) [], RemoteException
    + FullyQualifiedErrorId : NativeCommandError
 
    at g (C:\xampp\htdocs\AlagaLahat\.next\server\chunks\134.js:1:80274)
    at m (C:\xampp\htdocs\AlagaLahat\.next\server\chunks\134.js:10:13499)
    at k (C:\xampp\htdocs\AlagaLahat\.next\server\chunks\482.js:1:8022)
    at n3 (C:\xampp\htdocs\AlagaLahat\node_modules\next\dist\compiled\next-serv
er\app-page.runtime.prod.js:2:82831)
    at n6 (C:\xampp\htdocs\AlagaLahat\node_modules\next\dist\compiled\next-serv
er\app-page.runtime.prod.js:2:84601)
    at n5 (C:\xampp\htdocs\AlagaLahat\node_modules\next\dist\compiled\next-serv
er\app-page.runtime.prod.js:2:104801)
    at n7 (C:\xampp\htdocs\AlagaLahat\node_modules\next\dist\compiled\next-serv
er\app-page.runtime.prod.js:2:102219)
    at ia (C:\xampp\htdocs\AlagaLahat\node_modules\next\dist\compiled\next-serv
er\app-page.runtime.prod.js:2:108211)
    at ie (C:\xampp\htdocs\AlagaLahat\node_modules\next\dist\compiled\next-serv
er\app-page.runtime.prod.js:2:106833)
    at n5 (C:\xampp\htdocs\AlagaLahat\node_modules\next\dist\compiled\next-serv
er\app-page.runtime.prod.js:2:105079)
Error occurred prerendering page "/search". Read more: 
https://nextjs.org/docs/messages/prerender-error
Export encountered an error on /search/page: /search, exiting the build.
 Γ¿» useSearchParams() should be wrapped in a suspense boundary at page 
"/lost-pets/admin". Read more: 
https://nextjs.org/docs/messages/missing-suspense-with-csr-bailout
    at g (C:\xampp\htdocs\AlagaLahat\.next\server\chunks\134.js:1:80274)
    at m (C:\xampp\htdocs\AlagaLahat\.next\server\chunks\134.js:10:13499)
    at k (C:\xampp\htdocs\AlagaLahat\.next\server\chunks\482.js:1:8022)
    at n3 (C:\xampp\htdocs\AlagaLahat\node_modules\next\dist\compiled\next-serv
er\app-page.runtime.prod.js:2:82831)
    at n6 (C:\xampp\htdocs\AlagaLahat\node_modules\next\dist\compiled\next-serv
er\app-page.runtime.prod.js:2:84601)
    at n5 (C:\xampp\htdocs\AlagaLahat\node_modules\next\dist\compiled\next-serv
er\app-page.runtime.prod.js:2:104801)
    at n7 (C:\xampp\htdocs\AlagaLahat\node_modules\next\dist\compiled\next-serv
er\app-page.runtime.prod.js:2:102219)
    at ia (C:\xampp\htdocs\AlagaLahat\node_modules\next\dist\compiled\next-serv
er\app-page.runtime.prod.js:2:108211)
    at ie (C:\xampp\htdocs\AlagaLahat\node_modules\next\dist\compiled\next-serv
er\app-page.runtime.prod.js:2:106833)
    at n5 (C:\xampp\htdocs\AlagaLahat\node_modules\next\dist\compiled\next-serv
er\app-page.runtime.prod.js:2:105079)
Error occurred prerendering page "/lost-pets/admin". Read more: 
https://nextjs.org/docs/messages/prerender-error
Export encountered an error on /lost-pets/admin/page: /lost-pets/admin, 
exiting the build.
 Γ¿» Next.js build worker exited with code: 1 and signal: null
