components/DashboardShell.tsx(32,11): error TS2322: Type '{ userName: string; userInitials: string; }' is not assignable to type 'IntrinsicAttributes'.
  Property 'userName' does not exist on type 'IntrinsicAttributes'.
components/lost-pets/LostPetAnnouncementBoard.tsx(189,50): error TS2322: Type '{ className: string; style: { borderRadius: number; }; }' is not assignable to type 'IntrinsicAttributes & SkeletonProps'.
  Property 'style' does not exist on type 'IntrinsicAttributes & SkeletonProps'.
components/lost-pets/LostPetAnnouncementBoard.tsx(190,50): error TS2322: Type '{ className: string; style: { borderRadius: number; }; }' is not assignable to type 'IntrinsicAttributes & SkeletonProps'.
  Property 'style' does not exist on type 'IntrinsicAttributes & SkeletonProps'.
components/lost-pets/LostPetAnnouncementBoard.tsx(272,60): error TS2322: Type '{ key: number; className: string; style: { borderRadius: number; }; }' is not assignable to type 'IntrinsicAttributes & SkeletonProps'.
  Property 'style' does not exist on type 'IntrinsicAttributes & SkeletonProps'.
